Traceback (most recent call last):
  File "/usr/local/lib/python3.12/dist-packages/jupyter_cache/executors/utils.py", line 58, in single_nb_execution
    executenb(
  File "/usr/local/lib/python3.12/dist-packages/nbclient/client.py", line 1319, in execute
    return NotebookClient(nb=nb, resources=resources, km=km, **kwargs).execute()
           ^^^^^^^^^^^^^^^^^^^^^^^^^^^^^^^^^^^^^^^^^^^^^^^^^^^^^^^^^^^^^^^^^^^^^
  File "/usr/local/lib/python3.12/dist-packages/jupyter_core/utils/__init__.py", line 165, in wrapped
    return loop.run_until_complete(inner)
           ^^^^^^^^^^^^^^^^^^^^^^^^^^^^^^
  File "/usr/lib/python3.12/asyncio/base_events.py", line 691, in run_until_complete
    return future.result()
           ^^^^^^^^^^^^^^^
  File "/usr/local/lib/python3.12/dist-packages/nbclient/client.py", line 709, in async_execute
    await self.async_execute_cell(
  File "/usr/local/lib/python3.12/dist-packages/nbclient/client.py", line 1062, in async_execute_cell
    await self._check_raise_for_error(cell, cell_index, exec_reply)
  File "/usr/local/lib/python3.12/dist-packages/nbclient/client.py", line 918, in _check_raise_for_error
    raise CellExecutionError.from_cell_and_msg(cell, exec_reply_content)
nbclient.exceptions.CellExecutionError: An error occurred while executing the following cell:
------------------
import pandas as pd
import psycopg2

# Konfigurasi database
PG_HOST = "posgesqlpendata23-175-posgresqlpendata23-175.h.aivencloud.com"
PG_PORT = "17047"
PG_NAME = "defaultdb"
PG_USER = "avnadmin"
PG_PASS = "AVNS_XfGwRG6_6e5BdqZXovg"

# Koneksi ke PostgreSQL
conn = psycopg2.connect(
    host=PG_HOST,
    port=PG_PORT,
    dbname=PG_NAME,
    user=PG_USER,
    password=PG_PASS,
    sslmode="require"   # penting untuk koneksi Aiven
)

# Query ambil data (ubah nama_tabel sesuai dengan tabelmu)
query = "SELECT * FROM irisposgre.posgre"

# Load ke DataFrame
dataPosgre = pd.read_sql(query, conn)

# Tutup koneksi
conn.close()

# Output ke Power BI
dataPosgre
------------------


[0;31m---------------------------------------------------------------------------[0m
[0;31mOperationalError[0m                          Traceback (most recent call last)
[0;32m/tmp/ipython-input-1732350471.py[0m in [0;36m<cell line: 0>[0;34m()[0m
[1;32m     10[0m [0;34m[0m[0m
[1;32m     11[0m [0;31m# Koneksi ke PostgreSQL[0m[0;34m[0m[0;34m[0m[0m
[0;32m---> 12[0;31m conn = psycopg2.connect(
[0m[1;32m     13[0m     [0mhost[0m[0;34m=[0m[0mPG_HOST[0m[0;34m,[0m[0;34m[0m[0;34m[0m[0m
[1;32m     14[0m     [0mport[0m[0;34m=[0m[0mPG_PORT[0m[0;34m,[0m[0;34m[0m[0;34m[0m[0m

[0;32m/usr/local/lib/python3.12/dist-packages/psycopg2/__init__.py[0m in [0;36mconnect[0;34m(dsn, connection_factory, cursor_factory, **kwargs)[0m
[1;32m    120[0m [0;34m[0m[0m
[1;32m    121[0m     [0mdsn[0m [0;34m=[0m [0m_ext[0m[0;34m.[0m[0mmake_dsn[0m[0;34m([0m[0mdsn[0m[0;34m,[0m [0;34m**[0m[0mkwargs[0m[0;34m)[0m[0;34m[0m[0;34m[0m[0m
[0;32m--> 122[0;31m     [0mconn[0m [0;34m=[0m [0m_connect[0m[0;34m([0m[0mdsn[0m[0;34m,[0m [0mconnection_factory[0m[0;34m=[0m[0mconnection_factory[0m[0;34m,[0m [0;34m**[0m[0mkwasync[0m[0;34m)[0m[0;34m[0m[0;34m[0m[0m
[0m[1;32m    123[0m     [0;32mif[0m [0mcursor_factory[0m [0;32mis[0m [0;32mnot[0m [0;32mNone[0m[0;34m:[0m[0;34m[0m[0;34m[0m[0m
[1;32m    124[0m         [0mconn[0m[0;34m.[0m[0mcursor_factory[0m [0;34m=[0m [0mcursor_factory[0m[0;34m[0m[0;34m[0m[0m

[0;31mOperationalError[0m: could not translate host name "posgesqlpendata23-175-posgresqlpendata23-175.h.aivencloud.com" to address: Name or service not known


